........................................................................ [ 77%]
.................
